{"event": "model_loaded", "path": "models/model.pkl", "status": "success", "timestamp": "2026-02-22T09:42:38.077931"}
{"event": "train_stats_loaded", "path": "models/train_stats.json", "status": "success", "timestamp": "2026-02-22T09:42:38.078944"}
{"event": "model_loaded", "path": "models/model.pkl", "status": "success", "timestamp": "2026-02-22T09:43:45.500058"}
{"event": "train_stats_loaded", "path": "models/train_stats.json", "status": "success", "timestamp": "2026-02-22T09:43:45.501058"}
{"event": "model_loaded", "path": "models/model.pkl", "status": "success", "timestamp": "2026-02-22T10:50:53.192484"}
{"event": "train_stats_loaded", "path": "models/train_stats.json", "status": "success", "timestamp": "2026-02-22T10:50:53.200625"}
{"event": "prediction_exception", "error": "No module named 'src'", "timestamp": "2026-02-22T10:52:51.169425"}
{"event": "prediction_exception", "error": "No module named 'src'", "timestamp": "2026-02-22T10:52:57.152376"}
{"event": "prediction_exception", "error": "No module named 'src'", "timestamp": "2026-02-22T10:53:52.602303"}
{"event": "model_loaded", "path": "models/model.pkl", "status": "success", "timestamp": "2026-02-22T10:55:30.498706"}
{"event": "train_stats_loaded", "path": "models/train_stats.json", "status": "success", "timestamp": "2026-02-22T10:55:30.500220"}
{"event": "prediction", "input": {"INDE": 7.5, "IDA": 8.0, "IEG": 7.0, "IAA": 8.5, "IPS": 7.0, "IPP": 7.5, "FASE": 2, "PEDRA": "Ametista", "additionalProp1": {}}, "prediction": 0, "drift_detected": false, "timestamp": "2026-02-22T10:55:34.792812"}
{"event": "prediction", "input": {"INDE": 7.5, "IDA": 8.0, "IEG": 7.0, "IAA": 8.5, "IPS": 7.0, "IPP": 7.5, "FASE": 2, "PEDRA": "Ametista", "additionalProp1": {}}, "prediction": 0, "drift_detected": false, "timestamp": "2026-02-22T10:56:35.825382"}
{"event": "model_loaded", "path": "models/model.pkl", "status": "success", "timestamp": "2026-02-22T10:56:48.864003"}
{"event": "train_stats_loaded", "path": "models/train_stats.json", "status": "success", "timestamp": "2026-02-22T10:56:48.865436"}
{"event": "prediction", "input": {"INDE": 7.5, "IDA": 8.0, "IEG": 7.0, "IAA": 8.5, "IPS": 7.0, "IPP": 7.5, "FASE": 2, "PEDRA": "Ametista", "additionalProp1": {}}, "prediction": 0, "drift_detected": false, "timestamp": "2026-02-22T10:56:53.650232"}
{"event": "prediction", "input": {"INDE": 7.5, "IDA": 8.0, "IEG": 7.0, "IAA": 8.5, "IPS": 7.0, "IPP": 7.5, "FASE": 2, "PEDRA": "Ametista", "additionalProp1": {}}, "prediction": 0, "drift_detected": false, "timestamp": "2026-02-22T10:56:56.692276"}
{"event": "model_loaded", "path": "models/model.pkl", "status": "success", "timestamp": "2026-02-22T10:58:09.790978"}
{"event": "train_stats_loaded", "path": "models/train_stats.json", "status": "success", "timestamp": "2026-02-22T10:58:09.790978"}
{"event": "prediction", "input": {"INDE": 7.5, "IDA": 8.0, "IEG": 7.0, "IAA": 8.5, "IPS": 7.0, "IPP": 7.5, "FASE": 2, "PEDRA": "Ametista", "additionalProp1": {}}, "prediction": 0, "label": "fora_do_grupo_de_risco", "drift_detected": false, "timestamp": "2026-02-22T10:58:16.833307"}
{"event": "model_loaded", "path": "models/model.pkl", "status": "success", "timestamp": "2026-02-22T11:10:47.837054"}
{"event": "train_stats_loaded", "path": "models/train_stats.json", "status": "success", "timestamp": "2026-02-22T11:10:47.837054"}
{"event": "prediction", "input": {"INDE": 7.5, "IDA": 8.0, "IEG": 7.0, "IAA": 8.5, "IPS": 7.0, "IPP": 7.5, "FASE": 2, "PEDRA": "Ametista", "additionalProp1": {}}, "prediction": 0, "label": "fora_do_grupo_de_risco", "drift_detected": false, "timestamp": "2026-02-22T11:11:03.321335"}
{"event": "prediction", "input": {"INDE": 6.5, "IDA": 6.0, "IEG": 6.5, "IAA": 7.0, "IPS": 6.5, "IPP": 7.0, "FASE": 2, "PEDRA": "Ametista", "ESCOLA": "EMEF Exemplo", "CIDADE": "Embu-Gua\u00e7u"}, "prediction": 0, "label": "fora_do_grupo_de_risco", "drift_detected": false, "timestamp": "2026-02-22T11:12:44.516514"}
{"event": "drift_alert", "input_sample": {"INDE": 1.0, "IDA": 1.0, "IEG": 1.0, "IAA": 1.0, "IPS": 1.0, "IPP": 1.0, "FASE": 3, "PEDRA": "Topazio"}, "drifts": {"INDE": {"train_mean": 6.977488589084162, "current_mean": 1.0, "status": "DRIFT DETECTED"}, "IEG": {"train_mean": 7.033178620365219, "current_mean": 1.0, "status": "DRIFT DETECTED"}, "IAA": {"train_mean": 7.027261588514568, "current_mean": 1.0, "status": "DRIFT DETECTED"}, "IPS": {"train_mean": 6.956153444893381, "current_mean": 1.0, "status": "DRIFT DETECTED"}, "IPP": {"train_mean": 7.049526295310679, "current_mean": 1.0, "status": "DRIFT DETECTED"}, "FASE": {"train_mean": 1.99, "current_mean": 3.0, "status": "DRIFT DETECTED"}}, "timestamp": "2026-02-22T11:12:58.774224"}
{"event": "prediction", "input": {"INDE": 1.0, "IDA": 1.0, "IEG": 1.0, "IAA": 1.0, "IPS": 1.0, "IPP": 1.0, "FASE": 3, "PEDRA": "Topazio"}, "prediction": 1, "label": "em_grupo_de_risco", "drift_detected": true, "timestamp": "2026-02-22T11:12:58.782939"}
{"event": "drift_alert", "input_sample": {"INDE": 1.0, "IDA": 1.0, "IEG": 1.0, "IAA": 1.0, "IPS": 1.0, "IPP": 1.0, "FASE": 3, "PEDRA": "Topazio"}, "drifts": {"INDE": {"train_mean": 6.977488589084162, "current_mean": 1.0, "status": "DRIFT DETECTED"}, "IEG": {"train_mean": 7.033178620365219, "current_mean": 1.0, "status": "DRIFT DETECTED"}, "IAA": {"train_mean": 7.027261588514568, "current_mean": 1.0, "status": "DRIFT DETECTED"}, "IPS": {"train_mean": 6.956153444893381, "current_mean": 1.0, "status": "DRIFT DETECTED"}, "IPP": {"train_mean": 7.049526295310679, "current_mean": 1.0, "status": "DRIFT DETECTED"}, "FASE": {"train_mean": 1.99, "current_mean": 3.0, "status": "DRIFT DETECTED"}}, "timestamp": "2026-02-22T11:13:18.189209"}
{"event": "prediction", "input": {"INDE": 1.0, "IDA": 1.0, "IEG": 1.0, "IAA": 1.0, "IPS": 1.0, "IPP": 1.0, "FASE": 3, "PEDRA": "Topazio"}, "prediction": 1, "label": "em_grupo_de_risco", "drift_detected": true, "timestamp": "2026-02-22T11:13:18.190990"}
{"event": "model_loaded", "path": "models/model.pkl", "status": "success", "timestamp": "2026-02-22T11:15:26.147466"}
{"event": "train_stats_loaded", "path": "models/train_stats.json", "status": "success", "timestamp": "2026-02-22T11:15:26.148467"}
{"event": "drift_alert", "input_sample": {"INDE": 1.0, "IDA": 1.0, "IEG": 1.0, "IAA": 1.0, "IPS": 1.0, "IPP": 1.0, "FASE": 3, "PEDRA": "Topazio"}, "drifts": {"INDE": {"train_mean": 6.977488589084162, "current_mean": 1.0, "status": "DRIFT DETECTED"}, "IEG": {"train_mean": 7.033178620365219, "current_mean": 1.0, "status": "DRIFT DETECTED"}, "IAA": {"train_mean": 7.027261588514568, "current_mean": 1.0, "status": "DRIFT DETECTED"}, "IPS": {"train_mean": 6.956153444893381, "current_mean": 1.0, "status": "DRIFT DETECTED"}, "IPP": {"train_mean": 7.049526295310679, "current_mean": 1.0, "status": "DRIFT DETECTED"}, "FASE": {"train_mean": 1.99, "current_mean": 3.0, "status": "DRIFT DETECTED"}}, "timestamp": "2026-02-22T11:19:10.553740"}
{"event": "prediction", "input": {"INDE": 1.0, "IDA": 1.0, "IEG": 1.0, "IAA": 1.0, "IPS": 1.0, "IPP": 1.0, "FASE": 3, "PEDRA": "Topazio"}, "prediction": 1, "label": "em_grupo_de_risco", "drift_detected": true, "timestamp": "2026-02-22T11:19:10.561933"}
{"event": "drift_alert", "input_sample": {"INDE": 1.0, "IDA": 1.0, "IEG": 1.0, "IAA": 1.0, "IPS": 1.0, "IPP": 1.0, "FASE": 3, "PEDRA": "Topazio"}, "drifts": {"INDE": {"train_mean": 6.977488589084162, "current_mean": 1.0, "status": "DRIFT DETECTED"}, "IEG": {"train_mean": 7.033178620365219, "current_mean": 1.0, "status": "DRIFT DETECTED"}, "IAA": {"train_mean": 7.027261588514568, "current_mean": 1.0, "status": "DRIFT DETECTED"}, "IPS": {"train_mean": 6.956153444893381, "current_mean": 1.0, "status": "DRIFT DETECTED"}, "IPP": {"train_mean": 7.049526295310679, "current_mean": 1.0, "status": "DRIFT DETECTED"}, "FASE": {"train_mean": 1.99, "current_mean": 3.0, "status": "DRIFT DETECTED"}}, "timestamp": "2026-02-22T11:19:24.973839"}
{"event": "prediction", "input": {"INDE": 1.0, "IDA": 1.0, "IEG": 1.0, "IAA": 1.0, "IPS": 1.0, "IPP": 1.0, "FASE": 3, "PEDRA": "Topazio"}, "prediction": 1, "label": "em_grupo_de_risco", "drift_detected": true, "timestamp": "2026-02-22T11:19:24.978640"}
{"event": "model_loaded", "path": "models/model.pkl", "status": "success", "timestamp": "2026-02-22T11:20:21.929011"}
{"event": "train_stats_loaded", "path": "models/train_stats.json", "status": "success", "timestamp": "2026-02-22T11:20:21.929011"}
{"event": "drift_alert", "input_sample": {"INDE": 1.0, "IDA": 1.0, "IEG": 1.0, "IAA": 1.0, "IPS": 1.0, "IPP": 1.0, "FASE": 3, "PEDRA": "Topazio"}, "drifts": {"INDE": {"train_mean": 6.977488589084162, "current_mean": 1.0, "status": "DRIFT DETECTED"}, "IEG": {"train_mean": 7.033178620365219, "current_mean": 1.0, "status": "DRIFT DETECTED"}, "IAA": {"train_mean": 7.027261588514568, "current_mean": 1.0, "status": "DRIFT DETECTED"}, "IPS": {"train_mean": 6.956153444893381, "current_mean": 1.0, "status": "DRIFT DETECTED"}, "IPP": {"train_mean": 7.049526295310679, "current_mean": 1.0, "status": "DRIFT DETECTED"}, "FASE": {"train_mean": 1.99, "current_mean": 3.0, "status": "DRIFT DETECTED"}}, "timestamp": "2026-02-22T11:20:33.886510"}
{"event": "prediction", "input": {"INDE": 1.0, "IDA": 1.0, "IEG": 1.0, "IAA": 1.0, "IPS": 1.0, "IPP": 1.0, "FASE": 3, "PEDRA": "Topazio"}, "prediction": 1, "label": "em_grupo_de_risco", "drift_detected": true, "timestamp": "2026-02-22T11:20:33.902918"}
{"event": "drift_alert", "input_sample": {"INDE": 0.0, "IDA": 0.0, "IEG": 0.0, "IAA": 0.0, "IPS": 0.0, "IPP": 0.0, "FASE": 0, "PEDRA": "Quartzo", "additionalProp1": {}}, "drifts": {"INDE": {"train_mean": 6.977488589084162, "current_mean": 0.0, "status": "DRIFT DETECTED"}, "IEG": {"train_mean": 7.033178620365219, "current_mean": 0.0, "status": "DRIFT DETECTED"}, "IAA": {"train_mean": 7.027261588514568, "current_mean": 0.0, "status": "DRIFT DETECTED"}, "IPS": {"train_mean": 6.956153444893381, "current_mean": 0.0, "status": "DRIFT DETECTED"}, "IPP": {"train_mean": 7.049526295310679, "current_mean": 0.0, "status": "DRIFT DETECTED"}, "FASE": {"train_mean": 1.99, "current_mean": 0.0, "status": "DRIFT DETECTED"}}, "timestamp": "2026-02-22T11:24:31.717489"}
{"event": "prediction", "input": {"INDE": 0.0, "IDA": 0.0, "IEG": 0.0, "IAA": 0.0, "IPS": 0.0, "IPP": 0.0, "FASE": 0, "PEDRA": "Quartzo", "additionalProp1": {}}, "prediction": 1, "label": "em_grupo_de_risco", "drift_detected": true, "timestamp": "2026-02-22T11:24:31.726146"}
{"event": "model_loaded", "path": "models/model.pkl", "status": "success", "timestamp": "2026-02-22T11:25:50.828670"}
{"event": "train_stats_loaded", "path": "models/train_stats.json", "status": "success", "timestamp": "2026-02-22T11:25:50.828670"}
{"event": "model_loaded", "path": "models/model.pkl", "status": "success", "timestamp": "2026-02-22T11:26:06.549647"}
{"event": "train_stats_loaded", "path": "models/train_stats.json", "status": "success", "timestamp": "2026-02-22T11:26:06.549647"}
{"event": "model_loaded", "path": "models/model.pkl", "status": "success", "timestamp": "2026-02-22T11:26:06.597938"}
{"event": "train_stats_loaded", "path": "models/train_stats.json", "status": "success", "timestamp": "2026-02-22T11:26:06.598994"}
{"event": "model_loaded", "path": "models/model.pkl", "status": "success", "timestamp": "2026-02-22T11:26:06.640958"}
{"event": "train_stats_loaded", "path": "models/train_stats.json", "status": "success", "timestamp": "2026-02-22T11:26:06.641972"}
{"event": "model_loaded", "path": "models/model.pkl", "status": "success", "timestamp": "2026-02-22T11:26:06.681170"}
{"event": "train_stats_loaded", "path": "models/train_stats.json", "status": "success", "timestamp": "2026-02-22T11:26:06.681170"}
{"event": "drift_alert", "input_sample": {"INDE": 1.0, "IDA": 1.0, "IEG": 1.0, "IAA": 1.0, "IPS": 1.0, "IPP": 1.0, "FASE": 0, "PEDRA": "Quartzo"}, "drifts": {"INDE": {"train_mean": 6.977488589084162, "current_mean": 1.0, "status": "DRIFT DETECTED"}, "IEG": {"train_mean": 7.033178620365219, "current_mean": 1.0, "status": "DRIFT DETECTED"}, "IAA": {"train_mean": 7.027261588514568, "current_mean": 1.0, "status": "DRIFT DETECTED"}, "IPS": {"train_mean": 6.956153444893381, "current_mean": 1.0, "status": "DRIFT DETECTED"}, "IPP": {"train_mean": 7.049526295310679, "current_mean": 1.0, "status": "DRIFT DETECTED"}, "FASE": {"train_mean": 1.99, "current_mean": 0.0, "status": "DRIFT DETECTED"}}, "timestamp": "2026-02-22T11:26:06.683552"}
{"event": "prediction", "input": {"INDE": 1.0, "IDA": 1.0, "IEG": 1.0, "IAA": 1.0, "IPS": 1.0, "IPP": 1.0, "FASE": 0, "PEDRA": "Quartzo"}, "prediction": 1, "label": "em_grupo_de_risco", "drift_detected": true, "timestamp": "2026-02-22T11:26:06.700257"}
{"event": "model_loaded", "path": "models/model.pkl", "status": "success", "timestamp": "2026-02-22T11:26:06.736378"}
{"event": "train_stats_loaded", "path": "models/train_stats.json", "status": "success", "timestamp": "2026-02-22T11:26:06.736378"}
{"event": "prediction", "input": {"INDE": 7.5, "IDA": 8.0, "IEG": 7.0, "IAA": 8.5, "IPS": 7.0, "IPP": 7.5, "FASE": 2, "PEDRA": "Ametista"}, "prediction": 0, "label": "fora_do_grupo_de_risco", "drift_detected": false, "timestamp": "2026-02-22T11:26:06.750362"}
{"event": "drift_alert", "input_sample": {"INDE": 0.0, "IDA": 0.0, "IEG": 0.0, "IAA": 0.0, "IPS": 0.0, "IPP": 0.0, "FASE": 0, "PEDRA": "Quartzo", "nota_matematica": 85.0, "nota_portugues": 90.0, "frequencia": 95.0, "idade": 12, "turma": "A"}, "drifts": {"INDE": {"train_mean": 6.977488589084162, "current_mean": 0.0, "status": "DRIFT DETECTED"}, "IEG": {"train_mean": 7.033178620365219, "current_mean": 0.0, "status": "DRIFT DETECTED"}, "IAA": {"train_mean": 7.027261588514568, "current_mean": 0.0, "status": "DRIFT DETECTED"}, "IPS": {"train_mean": 6.956153444893381, "current_mean": 0.0, "status": "DRIFT DETECTED"}, "IPP": {"train_mean": 7.049526295310679, "current_mean": 0.0, "status": "DRIFT DETECTED"}, "FASE": {"train_mean": 1.99, "current_mean": 0.0, "status": "DRIFT DETECTED"}}, "timestamp": "2026-02-22T11:26:07.205218"}
{"event": "prediction", "input": {"INDE": 0.0, "IDA": 0.0, "IEG": 0.0, "IAA": 0.0, "IPS": 0.0, "IPP": 0.0, "FASE": 0, "PEDRA": "Quartzo", "nota_matematica": 85.0, "nota_portugues": 90.0, "frequencia": 95.0, "idade": 12, "turma": "A"}, "prediction": 1, "label": "em_grupo_de_risco", "drift_detected": true, "timestamp": "2026-02-22T11:26:07.215880"}
{"event": "prediction_error", "reason": "model_not_loaded", "timestamp": "2026-02-22T11:26:07.224512"}
{"event": "model_loaded", "path": "models/model.pkl", "status": "success", "timestamp": "2026-02-22T11:28:08.831995"}
{"event": "train_stats_loaded", "path": "models/train_stats.json", "status": "success", "timestamp": "2026-02-22T11:28:08.831995"}
{"event": "model_loaded", "path": "models/model.pkl", "status": "success", "timestamp": "2026-02-22T11:28:08.873478"}
{"event": "train_stats_loaded", "path": "models/train_stats.json", "status": "success", "timestamp": "2026-02-22T11:28:08.873478"}
{"event": "model_loaded", "path": "models/model.pkl", "status": "success", "timestamp": "2026-02-22T11:28:08.918762"}
{"event": "train_stats_loaded", "path": "models/train_stats.json", "status": "success", "timestamp": "2026-02-22T11:28:08.918762"}
{"event": "model_loaded", "path": "models/model.pkl", "status": "success", "timestamp": "2026-02-22T11:28:08.957309"}
{"event": "train_stats_loaded", "path": "models/train_stats.json", "status": "success", "timestamp": "2026-02-22T11:28:08.958354"}
{"event": "drift_alert", "input_sample": {"INDE": 1.0, "IDA": 1.0, "IEG": 1.0, "IAA": 1.0, "IPS": 1.0, "IPP": 1.0, "FASE": 0, "PEDRA": "Quartzo"}, "drifts": {"INDE": {"train_mean": 6.977488589084162, "current_mean": 1.0, "status": "DRIFT DETECTED"}, "IEG": {"train_mean": 7.033178620365219, "current_mean": 1.0, "status": "DRIFT DETECTED"}, "IAA": {"train_mean": 7.027261588514568, "current_mean": 1.0, "status": "DRIFT DETECTED"}, "IPS": {"train_mean": 6.956153444893381, "current_mean": 1.0, "status": "DRIFT DETECTED"}, "IPP": {"train_mean": 7.049526295310679, "current_mean": 1.0, "status": "DRIFT DETECTED"}, "FASE": {"train_mean": 1.99, "current_mean": 0.0, "status": "DRIFT DETECTED"}}, "timestamp": "2026-02-22T11:28:08.964692"}
{"event": "prediction", "input": {"INDE": 1.0, "IDA": 1.0, "IEG": 1.0, "IAA": 1.0, "IPS": 1.0, "IPP": 1.0, "FASE": 0, "PEDRA": "Quartzo"}, "prediction": 1, "label": "em_grupo_de_risco", "drift_detected": true, "timestamp": "2026-02-22T11:28:08.976034"}
{"event": "model_loaded", "path": "models/model.pkl", "status": "success", "timestamp": "2026-02-22T11:28:09.011189"}
{"event": "train_stats_loaded", "path": "models/train_stats.json", "status": "success", "timestamp": "2026-02-22T11:28:09.012584"}
{"event": "prediction", "input": {"INDE": 7.5, "IDA": 8.0, "IEG": 7.0, "IAA": 8.5, "IPS": 7.0, "IPP": 7.5, "FASE": 2, "PEDRA": "Ametista"}, "prediction": 0, "label": "fora_do_grupo_de_risco", "drift_detected": false, "timestamp": "2026-02-22T11:28:09.023719"}
{"event": "drift_alert", "input_sample": {"INDE": 0.0, "IDA": 0.0, "IEG": 0.0, "IAA": 0.0, "IPS": 0.0, "IPP": 0.0, "FASE": 0, "PEDRA": "Quartzo", "nota_matematica": 85.0, "nota_portugues": 90.0, "frequencia": 95.0, "idade": 12, "turma": "A"}, "drifts": {"INDE": {"train_mean": 6.977488589084162, "current_mean": 0.0, "status": "DRIFT DETECTED"}, "IEG": {"train_mean": 7.033178620365219, "current_mean": 0.0, "status": "DRIFT DETECTED"}, "IAA": {"train_mean": 7.027261588514568, "current_mean": 0.0, "status": "DRIFT DETECTED"}, "IPS": {"train_mean": 6.956153444893381, "current_mean": 0.0, "status": "DRIFT DETECTED"}, "IPP": {"train_mean": 7.049526295310679, "current_mean": 0.0, "status": "DRIFT DETECTED"}, "FASE": {"train_mean": 1.99, "current_mean": 0.0, "status": "DRIFT DETECTED"}}, "timestamp": "2026-02-22T11:28:09.292433"}
{"event": "prediction", "input": {"INDE": 0.0, "IDA": 0.0, "IEG": 0.0, "IAA": 0.0, "IPS": 0.0, "IPP": 0.0, "FASE": 0, "PEDRA": "Quartzo", "nota_matematica": 85.0, "nota_portugues": 90.0, "frequencia": 95.0, "idade": 12, "turma": "A"}, "prediction": 1, "label": "em_grupo_de_risco", "drift_detected": true, "timestamp": "2026-02-22T11:28:09.302936"}
{"event": "prediction_error", "reason": "model_not_loaded", "timestamp": "2026-02-22T11:28:09.310631"}
{"event": "model_loaded", "path": "models/model.pkl", "status": "success", "timestamp": "2026-02-22T11:32:37.080882"}
{"event": "train_stats_loaded", "path": "models/train_stats.json", "status": "success", "timestamp": "2026-02-22T11:32:37.089873"}
{"event": "prediction", "input": {"INDE": 6.5, "IDA": 6.0, "IEG": 6.5, "IAA": 7.0, "IPS": 6.5, "IPP": 7.0, "FASE": 2, "PEDRA": "Ametista", "ESCOLA": "EMEF Exemplo", "CIDADE": "Embu-Gua\u00e7u"}, "prediction": 0, "label": "fora_do_grupo_de_risco", "drift_detected": false, "timestamp": "2026-02-22T11:33:16.403642"}
{"event": "drift_alert", "input_sample": {"INDE": 5.5, "IDA": 0.0, "IEG": 0.0, "IAA": 0.0, "IPS": 0.0, "IPP": 0.0, "FASE": 0, "PEDRA": "Quartzo"}, "drifts": {"INDE": {"train_mean": 8.0, "current_mean": 5.5, "status": "DRIFT DETECTED"}, "IPP": {"train_mean": 7.5, "current_mean": 0.0, "status": "DRIFT DETECTED"}, "IEG": {"train_mean": 9.0, "current_mean": 0.0, "status": "DRIFT DETECTED"}}, "timestamp": "2026-02-22T11:34:25.211419"}
{"event": "prediction", "input": {"INDE": 5.5, "IDA": 0.0, "IEG": 0.0, "IAA": 0.0, "IPS": 0.0, "IPP": 0.0, "FASE": 0, "PEDRA": "Quartzo"}, "prediction": 1, "label": "em_grupo_de_risco", "drift_detected": true, "timestamp": "2026-02-22T11:34:25.227898"}
{"event": "drift_alert", "input_sample": {"INDE": 5.5, "IDA": 0.0, "IEG": 0.0, "IAA": 0.0, "IPS": 0.0, "IPP": 0.0, "FASE": 0, "PEDRA": "Quartzo"}, "drifts": {"INDE": {"train_mean": 8.0, "current_mean": 5.5, "status": "DRIFT DETECTED"}, "IPP": {"train_mean": 7.5, "current_mean": 0.0, "status": "DRIFT DETECTED"}, "IEG": {"train_mean": 9.0, "current_mean": 0.0, "status": "DRIFT DETECTED"}}, "timestamp": "2026-02-22T11:34:28.311776"}
{"event": "prediction", "input": {"INDE": 5.5, "IDA": 0.0, "IEG": 0.0, "IAA": 0.0, "IPS": 0.0, "IPP": 0.0, "FASE": 0, "PEDRA": "Quartzo"}, "prediction": 1, "label": "em_grupo_de_risco", "drift_detected": true, "timestamp": "2026-02-22T11:34:28.321831"}
{"event": "model_loaded", "path": "models/model.pkl", "status": "success", "timestamp": "2026-02-22T11:35:22.777663"}
{"event": "train_stats_loaded", "path": "models/train_stats.json", "status": "success", "timestamp": "2026-02-22T11:35:22.777663"}
DRIFT ALERT: {"event": "drift_alert", "input_sample": {"INDE": 1.0, "IDA": 1.0, "IEG": 1.0, "IAA": 1.0, "IPS": 1.0, "IPP": 1.0, "FASE": 3, "PEDRA": "Topazio"}, "drifts": {"INDE": {"train_mean": 8.0, "current_mean": 1.0, "status": "DRIFT DETECTED"}, "IPP": {"train_mean": 7.5, "current_mean": 1.0, "status": "DRIFT DETECTED"}, "IEG": {"train_mean": 9.0, "current_mean": 1.0, "status": "DRIFT DETECTED"}}, "timestamp": "2026-02-22T11:37:13.776389"}
{"event": "prediction", "input": {"INDE": 1.0, "IDA": 1.0, "IEG": 1.0, "IAA": 1.0, "IPS": 1.0, "IPP": 1.0, "FASE": 3, "PEDRA": "Topazio"}, "prediction": 1, "label": "em_grupo_de_risco", "drift_detected": true, "timestamp": "2026-02-22T11:37:13.784649"}
{"event": "model_loaded", "path": "models/model.pkl", "status": "success", "timestamp": "2026-02-22T11:38:48.592453"}
{"event": "train_stats_loaded", "path": "models/train_stats.json", "status": "success", "timestamp": "2026-02-22T11:38:48.592453"}
DRIFT ALERT: {"event": "drift_alert", "input_sample": {"INDE": 1.0, "IDA": 1.0, "IEG": 1.0, "IAA": 1.0, "IPS": 1.0, "IPP": 1.0, "FASE": 3, "PEDRA": "Quartzo"}, "drifts": {"INDE": {"train_mean": 8.0, "current_mean": 1.0, "status": "DRIFT DETECTED"}, "IPP": {"train_mean": 7.5, "current_mean": 1.0, "status": "DRIFT DETECTED"}, "IEG": {"train_mean": 9.0, "current_mean": 1.0, "status": "DRIFT DETECTED"}}, "timestamp": "2026-02-22T11:44:48.713458"}
{"event": "prediction", "input": {"INDE": 1.0, "IDA": 1.0, "IEG": 1.0, "IAA": 1.0, "IPS": 1.0, "IPP": 1.0, "FASE": 3, "PEDRA": "Quartzo"}, "prediction": 1, "label": "em_grupo_de_risco", "drift_detected": true, "timestamp": "2026-02-22T11:44:48.730980"}
DRIFT ALERT: {"event": "drift_alert", "input_sample": {"INDE": 1.0, "IDA": 1.0, "IEG": 1.0, "IAA": 1.0, "IPS": 1.0, "IPP": 1.0, "FASE": 3, "PEDRA": "Ametista"}, "drifts": {"INDE": {"train_mean": 8.0, "current_mean": 1.0, "status": "DRIFT DETECTED"}, "IPP": {"train_mean": 7.5, "current_mean": 1.0, "status": "DRIFT DETECTED"}, "IEG": {"train_mean": 9.0, "current_mean": 1.0, "status": "DRIFT DETECTED"}}, "timestamp": "2026-02-22T11:45:08.546412"}
{"event": "prediction", "input": {"INDE": 1.0, "IDA": 1.0, "IEG": 1.0, "IAA": 1.0, "IPS": 1.0, "IPP": 1.0, "FASE": 3, "PEDRA": "Ametista"}, "prediction": 1, "label": "em_grupo_de_risco", "drift_detected": true, "timestamp": "2026-02-22T11:45:08.554680"}
DRIFT ALERT: {"event": "drift_alert", "input_sample": {"INDE": 1.0, "IDA": 1.0, "IEG": 1.0, "IAA": 1.0, "IPS": 1.0, "IPP": 1.0, "FASE": 3, "PEDRA": "Ouro"}, "drifts": {"INDE": {"train_mean": 8.0, "current_mean": 1.0, "status": "DRIFT DETECTED"}, "IPP": {"train_mean": 7.5, "current_mean": 1.0, "status": "DRIFT DETECTED"}, "IEG": {"train_mean": 9.0, "current_mean": 1.0, "status": "DRIFT DETECTED"}}, "timestamp": "2026-02-22T11:45:20.963458"}
{"event": "prediction", "input": {"INDE": 1.0, "IDA": 1.0, "IEG": 1.0, "IAA": 1.0, "IPS": 1.0, "IPP": 1.0, "FASE": 3, "PEDRA": "Ouro"}, "prediction": 1, "label": "em_grupo_de_risco", "drift_detected": true, "timestamp": "2026-02-22T11:45:20.980229"}
{"event": "model_loaded", "path": "models/model.pkl", "status": "success", "timestamp": "2026-03-03T14:31:37.021822"}
{"event": "train_stats_loaded", "path": "models/train_stats.json", "status": "success", "timestamp": "2026-03-03T14:31:37.022109"}
{"event": "model_loaded", "path": "models/model.pkl", "status": "success", "timestamp": "2026-03-03T14:37:22.417502"}
{"event": "train_stats_loaded", "path": "models/train_stats.json", "status": "success", "timestamp": "2026-03-03T14:37:22.418102"}
{"event": "model_loaded", "path": "models/model.pkl", "status": "success", "timestamp": "2026-03-03T14:37:22.427544"}
{"event": "train_stats_loaded", "path": "models/train_stats.json", "status": "success", "timestamp": "2026-03-03T14:37:22.427708"}
{"event": "model_loaded", "path": "models/model.pkl", "status": "success", "timestamp": "2026-03-03T14:37:22.435452"}
{"event": "train_stats_loaded", "path": "models/train_stats.json", "status": "success", "timestamp": "2026-03-03T14:37:22.435615"}
{"event": "model_loaded", "path": "models/model.pkl", "status": "success", "timestamp": "2026-03-03T14:37:22.442661"}
{"event": "train_stats_loaded", "path": "models/train_stats.json", "status": "success", "timestamp": "2026-03-03T14:37:22.442752"}
DRIFT ALERT: {"event": "drift_alert", "input_sample": {"INDE": 1.0, "IDA": 1.0, "IEG": 1.0, "IAA": 1.0, "IPS": 1.0, "IPP": 1.0, "FASE": 0, "PEDRA": "Quartzo"}, "drifts": {"INDE": {"train_mean": 6.977488589084162, "current_mean": 1.0, "status": "DRIFT DETECTED"}, "IEG": {"train_mean": 7.033178620365219, "current_mean": 1.0, "status": "DRIFT DETECTED"}, "IAA": {"train_mean": 7.027261588514568, "current_mean": 1.0, "status": "DRIFT DETECTED"}, "IPS": {"train_mean": 6.956153444893381, "current_mean": 1.0, "status": "DRIFT DETECTED"}, "IPP": {"train_mean": 7.049526295310679, "current_mean": 1.0, "status": "DRIFT DETECTED"}, "FASE": {"train_mean": 1.99, "current_mean": 0.0, "status": "DRIFT DETECTED"}}, "timestamp": "2026-03-03T14:37:22.448022"}
{"event": "prediction", "input": {"INDE": 1.0, "IDA": 1.0, "IEG": 1.0, "IAA": 1.0, "IPS": 1.0, "IPP": 1.0, "FASE": 0, "PEDRA": "Quartzo"}, "prediction": 1, "label": "em_grupo_de_risco", "drift_detected": true, "timestamp": "2026-03-03T14:37:22.454652"}
{"event": "model_loaded", "path": "models/model.pkl", "status": "success", "timestamp": "2026-03-03T14:37:22.461739"}
{"event": "train_stats_loaded", "path": "models/train_stats.json", "status": "success", "timestamp": "2026-03-03T14:37:22.461856"}
{"event": "prediction", "input": {"INDE": 7.5, "IDA": 8.0, "IEG": 7.0, "IAA": 8.5, "IPS": 7.0, "IPP": 7.5, "FASE": 2, "PEDRA": "Ametista"}, "prediction": 0, "label": "fora_do_grupo_de_risco", "drift_detected": false, "timestamp": "2026-03-03T14:37:22.466273"}
DRIFT ALERT: {"event": "drift_alert", "input_sample": {"INDE": 0.0, "IDA": 0.0, "IEG": 0.0, "IAA": 0.0, "IPS": 0.0, "IPP": 0.0, "FASE": 0, "PEDRA": "Quartzo", "nota_matematica": 85.0, "nota_portugues": 90.0, "frequencia": 95.0, "idade": 12, "turma": "A"}, "drifts": {"INDE": {"train_mean": 6.977488589084162, "current_mean": 0.0, "status": "DRIFT DETECTED"}, "IEG": {"train_mean": 7.033178620365219, "current_mean": 0.0, "status": "DRIFT DETECTED"}, "IAA": {"train_mean": 7.027261588514568, "current_mean": 0.0, "status": "DRIFT DETECTED"}, "IPS": {"train_mean": 6.956153444893381, "current_mean": 0.0, "status": "DRIFT DETECTED"}, "IPP": {"train_mean": 7.049526295310679, "current_mean": 0.0, "status": "DRIFT DETECTED"}, "FASE": {"train_mean": 1.99, "current_mean": 0.0, "status": "DRIFT DETECTED"}}, "timestamp": "2026-03-03T14:37:22.544593"}
{"event": "prediction", "input": {"INDE": 0.0, "IDA": 0.0, "IEG": 0.0, "IAA": 0.0, "IPS": 0.0, "IPP": 0.0, "FASE": 0, "PEDRA": "Quartzo", "nota_matematica": 85.0, "nota_portugues": 90.0, "frequencia": 95.0, "idade": 12, "turma": "A"}, "prediction": 1, "label": "em_grupo_de_risco", "drift_detected": true, "timestamp": "2026-03-03T14:37:22.548432"}
{"event": "prediction_error", "reason": "model_not_loaded", "timestamp": "2026-03-03T14:37:22.550365"}
{"event": "model_loaded", "path": "models/model.pkl", "status": "success", "timestamp": "2026-03-03T14:38:46.370634"}
{"event": "train_stats_loaded", "path": "models/train_stats.json", "status": "success", "timestamp": "2026-03-03T14:38:46.370836"}
{"event": "model_loaded", "path": "models/model.pkl", "status": "success", "timestamp": "2026-03-06T09:56:02.353498"}
{"event": "train_stats_loaded", "path": "models/train_stats.json", "status": "success", "timestamp": "2026-03-06T09:56:02.353857"}
{"event": "model_loaded", "path": "models/model.pkl", "status": "success", "timestamp": "2026-03-06T09:56:02.362147"}
{"event": "train_stats_loaded", "path": "models/train_stats.json", "status": "success", "timestamp": "2026-03-06T09:56:02.362275"}
{"event": "model_loaded", "path": "models/model.pkl", "status": "success", "timestamp": "2026-03-06T09:56:02.369936"}
{"event": "train_stats_loaded", "path": "models/train_stats.json", "status": "success", "timestamp": "2026-03-06T09:56:02.370050"}
{"event": "model_loaded", "path": "models/model.pkl", "status": "success", "timestamp": "2026-03-06T09:56:02.377542"}
{"event": "train_stats_loaded", "path": "models/train_stats.json", "status": "success", "timestamp": "2026-03-06T09:56:02.377642"}
DRIFT ALERT: {"event": "drift_alert", "input_sample": {"INDE": 1.0, "IDA": 1.0, "IEG": 1.0, "IAA": 1.0, "IPS": 1.0, "IPP": 1.0, "FASE": 0, "PEDRA": "Quartzo"}, "drifts": {"IEG": {"train_mean": 6.064710669529992, "current_mean": 1.0, "status": "DRIFT DETECTED"}, "INDE": {"train_mean": 5.418867676957693, "current_mean": 1.0, "status": "DRIFT DETECTED"}, "IAA": {"train_mean": 5.624207358031791, "current_mean": 1.0, "status": "DRIFT DETECTED"}, "IPS": {"train_mean": 5.212857402510068, "current_mean": 1.0, "status": "DRIFT DETECTED"}, "IPP": {"train_mean": 5.593245950207309, "current_mean": 1.0, "status": "DRIFT DETECTED"}}, "timestamp": "2026-03-06T09:56:02.378862"}
{"event": "prediction_exception", "error": "columns are missing: {'IPV', 'IAN'}", "timestamp": "2026-03-06T09:56:02.380011"}
{"event": "model_loaded", "path": "models/model.pkl", "status": "success", "timestamp": "2026-03-06T09:56:02.421336"}
{"event": "train_stats_loaded", "path": "models/train_stats.json", "status": "success", "timestamp": "2026-03-06T09:56:02.421431"}
DRIFT ALERT: {"event": "drift_alert", "input_sample": {"INDE": 7.5, "IDA": 8.0, "IEG": 7.0, "IAA": 8.5, "IPS": 7.0, "IPP": 7.5, "FASE": 2, "PEDRA": "Ametista"}, "drifts": {"INDE": {"train_mean": 5.418867676957693, "current_mean": 7.5, "status": "DRIFT DETECTED"}, "IAA": {"train_mean": 5.624207358031791, "current_mean": 8.5, "status": "DRIFT DETECTED"}, "IPS": {"train_mean": 5.212857402510068, "current_mean": 7.0, "status": "DRIFT DETECTED"}, "IPP": {"train_mean": 5.593245950207309, "current_mean": 7.5, "status": "DRIFT DETECTED"}}, "timestamp": "2026-03-06T09:56:02.422357"}
{"event": "prediction_exception", "error": "columns are missing: {'IPV', 'IAN'}", "timestamp": "2026-03-06T09:56:02.423284"}
DRIFT ALERT: {"event": "drift_alert", "input_sample": {"INDE": 0.0, "IDA": 0.0, "IEG": 0.0, "IAA": 0.0, "IPS": 0.0, "IPP": 0.0, "FASE": 0, "PEDRA": "Quartzo", "nota_matematica": 85.0, "nota_portugues": 90.0, "frequencia": 95.0, "idade": 12, "turma": "A"}, "drifts": {"IEG": {"train_mean": 6.064710669529992, "current_mean": 0.0, "status": "DRIFT DETECTED"}, "INDE": {"train_mean": 5.418867676957693, "current_mean": 0.0, "status": "DRIFT DETECTED"}, "IAA": {"train_mean": 5.624207358031791, "current_mean": 0.0, "status": "DRIFT DETECTED"}, "IPS": {"train_mean": 5.212857402510068, "current_mean": 0.0, "status": "DRIFT DETECTED"}, "IPP": {"train_mean": 5.593245950207309, "current_mean": 0.0, "status": "DRIFT DETECTED"}}, "timestamp": "2026-03-06T09:56:02.502977"}
{"event": "prediction_exception", "error": "columns are missing: {'IPV', 'IAN'}", "timestamp": "2026-03-06T09:56:02.503776"}
{"event": "prediction_error", "reason": "model_not_loaded", "timestamp": "2026-03-06T09:56:02.505632"}
{"event": "model_loaded", "path": "models/model.pkl", "status": "success", "timestamp": "2026-03-06T09:56:38.461405"}
{"event": "train_stats_loaded", "path": "models/train_stats.json", "status": "success", "timestamp": "2026-03-06T09:56:38.461647"}
{"event": "model_loaded", "path": "models/model.pkl", "status": "success", "timestamp": "2026-03-06T09:56:38.474105"}
{"event": "train_stats_loaded", "path": "models/train_stats.json", "status": "success", "timestamp": "2026-03-06T09:56:38.474300"}
{"event": "model_loaded", "path": "models/model.pkl", "status": "success", "timestamp": "2026-03-06T09:56:38.482923"}
{"event": "train_stats_loaded", "path": "models/train_stats.json", "status": "success", "timestamp": "2026-03-06T09:56:38.483120"}
{"event": "model_loaded", "path": "models/model.pkl", "status": "success", "timestamp": "2026-03-06T09:56:38.490514"}
{"event": "train_stats_loaded", "path": "models/train_stats.json", "status": "success", "timestamp": "2026-03-06T09:56:38.490644"}
DRIFT ALERT: {"event": "drift_alert", "input_sample": {"INDE": 1.0, "IDA": 1.0, "IEG": 1.0, "IAA": 1.0, "IPS": 1.0, "IPP": 1.0, "FASE": 0, "PEDRA": "Quartzo", "IPV": 0.5, "IAN": 5.0}, "drifts": {"INDE": {"train_mean": 8.0, "current_mean": 1.0, "status": "DRIFT DETECTED"}, "IPP": {"train_mean": 7.5, "current_mean": 1.0, "status": "DRIFT DETECTED"}, "IEG": {"train_mean": 9.0, "current_mean": 1.0, "status": "DRIFT DETECTED"}}, "timestamp": "2026-03-06T09:56:38.492227"}
{"event": "prediction", "input": {"INDE": 1.0, "IDA": 1.0, "IEG": 1.0, "IAA": 1.0, "IPS": 1.0, "IPP": 1.0, "FASE": 0, "PEDRA": "Quartzo", "IPV": 0.5, "IAN": 5.0}, "prediction": 1, "label": "em_grupo_de_risco", "drift_detected": true, "timestamp": "2026-03-06T09:56:38.496041"}
{"event": "model_loaded", "path": "models/model.pkl", "status": "success", "timestamp": "2026-03-06T09:56:38.503751"}
{"event": "train_stats_loaded", "path": "models/train_stats.json", "status": "success", "timestamp": "2026-03-06T09:56:38.503902"}
{"event": "prediction", "input": {"INDE": 7.5, "IDA": 8.0, "IEG": 7.0, "IAA": 8.5, "IPS": 7.0, "IPP": 7.5, "FASE": 2, "PEDRA": "Ametista", "IPV": 0.8, "IAN": 7.5}, "prediction": 0, "label": "fora_do_grupo_de_risco", "drift_detected": false, "timestamp": "2026-03-06T09:56:38.508435"}
DRIFT ALERT: {"event": "drift_alert", "input_sample": {"INDE": 0.0, "IDA": 0.0, "IEG": 0.0, "IAA": 0.0, "IPS": 0.0, "IPP": 0.0, "FASE": 0, "PEDRA": "Quartzo", "nota_matematica": 85.0, "nota_portugues": 90.0, "frequencia": 95.0, "idade": 12, "turma": "A"}, "drifts": {"INDE": {"train_mean": 8.0, "current_mean": 0.0, "status": "DRIFT DETECTED"}, "IPP": {"train_mean": 7.5, "current_mean": 0.0, "status": "DRIFT DETECTED"}, "IEG": {"train_mean": 9.0, "current_mean": 0.0, "status": "DRIFT DETECTED"}}, "timestamp": "2026-03-06T09:56:38.595005"}
{"event": "prediction_exception", "error": "columns are missing: {'IPV', 'IAN'}", "timestamp": "2026-03-06T09:56:38.595729"}
{"event": "prediction_error", "reason": "model_not_loaded", "timestamp": "2026-03-06T09:56:38.597626"}
{"event": "model_loaded", "path": "models/model.pkl", "status": "success", "timestamp": "2026-03-06T09:56:57.624995"}
{"event": "train_stats_loaded", "path": "models/train_stats.json", "status": "success", "timestamp": "2026-03-06T09:56:57.625123"}
{"event": "model_loaded", "path": "models/model.pkl", "status": "success", "timestamp": "2026-03-06T09:56:57.633692"}
{"event": "train_stats_loaded", "path": "models/train_stats.json", "status": "success", "timestamp": "2026-03-06T09:56:57.633849"}
{"event": "model_loaded", "path": "models/model.pkl", "status": "success", "timestamp": "2026-03-06T09:56:57.641475"}
{"event": "train_stats_loaded", "path": "models/train_stats.json", "status": "success", "timestamp": "2026-03-06T09:56:57.641570"}
{"event": "model_loaded", "path": "models/model.pkl", "status": "success", "timestamp": "2026-03-06T09:56:57.649432"}
{"event": "train_stats_loaded", "path": "models/train_stats.json", "status": "success", "timestamp": "2026-03-06T09:56:57.649571"}
DRIFT ALERT: {"event": "drift_alert", "input_sample": {"INDE": 1.0, "IDA": 1.0, "IEG": 1.0, "IAA": 1.0, "IPS": 1.0, "IPP": 1.0, "FASE": 0, "PEDRA": "Quartzo", "IPV": 0.5, "IAN": 5.0}, "drifts": {"INDE": {"train_mean": 8.0, "current_mean": 1.0, "status": "DRIFT DETECTED"}, "IPP": {"train_mean": 7.5, "current_mean": 1.0, "status": "DRIFT DETECTED"}, "IEG": {"train_mean": 9.0, "current_mean": 1.0, "status": "DRIFT DETECTED"}}, "timestamp": "2026-03-06T09:56:57.650866"}
{"event": "prediction", "input": {"INDE": 1.0, "IDA": 1.0, "IEG": 1.0, "IAA": 1.0, "IPS": 1.0, "IPP": 1.0, "FASE": 0, "PEDRA": "Quartzo", "IPV": 0.5, "IAN": 5.0}, "prediction": 1, "label": "em_grupo_de_risco", "drift_detected": true, "timestamp": "2026-03-06T09:56:57.654453"}
{"event": "model_loaded", "path": "models/model.pkl", "status": "success", "timestamp": "2026-03-06T09:56:57.661908"}
{"event": "train_stats_loaded", "path": "models/train_stats.json", "status": "success", "timestamp": "2026-03-06T09:56:57.662059"}
{"event": "prediction", "input": {"INDE": 7.5, "IDA": 8.0, "IEG": 7.0, "IAA": 8.5, "IPS": 7.0, "IPP": 7.5, "FASE": 2, "PEDRA": "Ametista", "IPV": 0.8, "IAN": 7.5}, "prediction": 0, "label": "fora_do_grupo_de_risco", "drift_detected": false, "timestamp": "2026-03-06T09:56:57.666246"}
DRIFT ALERT: {"event": "drift_alert", "input_sample": {"INDE": 0.0, "IDA": 0.0, "IEG": 0.0, "IAA": 0.0, "IPS": 0.0, "IPP": 0.0, "FASE": 0, "PEDRA": "Quartzo", "nota_matematica": 85.0, "nota_portugues": 90.0, "frequencia": 95.0, "idade": 12, "turma": "A"}, "drifts": {"INDE": {"train_mean": 8.0, "current_mean": 0.0, "status": "DRIFT DETECTED"}, "IPP": {"train_mean": 7.5, "current_mean": 0.0, "status": "DRIFT DETECTED"}, "IEG": {"train_mean": 9.0, "current_mean": 0.0, "status": "DRIFT DETECTED"}}, "timestamp": "2026-03-06T09:56:57.744069"}
{"event": "prediction_exception", "error": "columns are missing: {'IAN', 'IPV'}", "timestamp": "2026-03-06T09:56:57.744825"}
{"event": "prediction_error", "reason": "model_not_loaded", "timestamp": "2026-03-06T09:56:57.746740"}
{"event": "model_loaded", "path": "models/model.pkl", "status": "success", "timestamp": "2026-03-06T09:57:30.267720"}
{"event": "train_stats_loaded", "path": "models/train_stats.json", "status": "success", "timestamp": "2026-03-06T09:57:30.267834"}
DRIFT ALERT: {"event": "drift_alert", "input_sample": {"INDE": 0.0, "IDA": 0.0, "IEG": 0.0, "IAA": 0.0, "IPS": 0.0, "IPP": 0.0, "FASE": 0, "PEDRA": "Quartzo", "additionalProp1": {}}, "drifts": {"INDE": {"train_mean": 5.418867676957693, "current_mean": 0.0, "status": "DRIFT DETECTED"}, "IPP": {"train_mean": 5.593245950207309, "current_mean": 0.0, "status": "DRIFT DETECTED"}, "IEG": {"train_mean": 6.064710669529992, "current_mean": 0.0, "status": "DRIFT DETECTED"}, "IAA": {"train_mean": 5.624207358031791, "current_mean": 0.0, "status": "DRIFT DETECTED"}, "IPS": {"train_mean": 5.212857402510068, "current_mean": 0.0, "status": "DRIFT DETECTED"}}, "timestamp": "2026-03-06T09:58:25.880549"}
{"event": "prediction_exception", "error": "columns are missing: {'IAN', 'IPV'}", "timestamp": "2026-03-06T09:58:25.887453"}
DRIFT ALERT: {"event": "drift_alert", "input_sample": {"INDE": 7.5, "IDA": 8.0, "IEG": 7.0, "IAA": 8.5, "IPS": 7.0, "IPP": 7.5, "FASE": 2, "PEDRA": "Ametista"}, "drifts": {"INDE": {"train_mean": 5.418867676957693, "current_mean": 7.5, "status": "DRIFT DETECTED"}, "IPP": {"train_mean": 5.593245950207309, "current_mean": 7.5, "status": "DRIFT DETECTED"}, "IAA": {"train_mean": 5.624207358031791, "current_mean": 8.5, "status": "DRIFT DETECTED"}, "IPS": {"train_mean": 5.212857402510068, "current_mean": 7.0, "status": "DRIFT DETECTED"}}, "timestamp": "2026-03-06T10:04:19.633457"}
{"event": "prediction_exception", "error": "columns are missing: {'IAN', 'IPV'}", "timestamp": "2026-03-06T10:04:19.636002"}
DRIFT ALERT: {"event": "drift_alert", "input_sample": {"INDE": 7.5, "IDA": 8.0, "IEG": 7.0, "IAA": 8.5, "IPS": 7.0, "IPP": 7.5, "FASE": 2, "PEDRA": "Ametista", "additionalProp1": {}}, "drifts": {"INDE": {"train_mean": 5.418867676957693, "current_mean": 7.5, "status": "DRIFT DETECTED"}, "IPP": {"train_mean": 5.593245950207309, "current_mean": 7.5, "status": "DRIFT DETECTED"}, "IAA": {"train_mean": 5.624207358031791, "current_mean": 8.5, "status": "DRIFT DETECTED"}, "IPS": {"train_mean": 5.212857402510068, "current_mean": 7.0, "status": "DRIFT DETECTED"}}, "timestamp": "2026-03-06T10:09:56.784530"}
{"event": "prediction_exception", "error": "columns are missing: {'IAN', 'IPV'}", "timestamp": "2026-03-06T10:09:56.786946"}
DRIFT ALERT: {"event": "drift_alert", "input_sample": {"INDE": 0.0, "IDA": 0.0, "IEG": 0.0, "IAA": 0.0, "IPS": 0.0, "IPP": 0.0, "FASE": 0, "PEDRA": "Quartzo", "additionalProp1": {}}, "drifts": {"INDE": {"train_mean": 5.418867676957693, "current_mean": 0.0, "status": "DRIFT DETECTED"}, "IPP": {"train_mean": 5.593245950207309, "current_mean": 0.0, "status": "DRIFT DETECTED"}, "IEG": {"train_mean": 6.064710669529992, "current_mean": 0.0, "status": "DRIFT DETECTED"}, "IAA": {"train_mean": 5.624207358031791, "current_mean": 0.0, "status": "DRIFT DETECTED"}, "IPS": {"train_mean": 5.212857402510068, "current_mean": 0.0, "status": "DRIFT DETECTED"}}, "timestamp": "2026-03-06T10:10:20.289020"}
{"event": "prediction_exception", "error": "columns are missing: {'IAN', 'IPV'}", "timestamp": "2026-03-06T10:10:20.291826"}
DRIFT ALERT: {"event": "drift_alert", "input_sample": {"INDE": 0.0, "IDA": 0.0, "IEG": 0.0, "IAA": 0.0, "IPS": 0.0, "IPP": 0.0, "FASE": 0, "PEDRA": "Quartzo", "additionalProp1": {}}, "drifts": {"INDE": {"train_mean": 5.418867676957693, "current_mean": 0.0, "status": "DRIFT DETECTED"}, "IPP": {"train_mean": 5.593245950207309, "current_mean": 0.0, "status": "DRIFT DETECTED"}, "IEG": {"train_mean": 6.064710669529992, "current_mean": 0.0, "status": "DRIFT DETECTED"}, "IAA": {"train_mean": 5.624207358031791, "current_mean": 0.0, "status": "DRIFT DETECTED"}, "IPS": {"train_mean": 5.212857402510068, "current_mean": 0.0, "status": "DRIFT DETECTED"}}, "timestamp": "2026-03-06T10:15:08.443490"}
{"event": "prediction_exception", "error": "columns are missing: {'IAN', 'IPV'}", "timestamp": "2026-03-06T10:15:08.446540"}
DRIFT ALERT: {"event": "drift_alert", "input_sample": {"INDE": 0.0, "IDA": 0.0, "IEG": 0.0, "IAA": 0.0, "IPS": 0.0, "IPP": 0.0, "FASE": 0, "PEDRA": "Quartzo", "IAN": 0, "additionalProp1": {}}, "drifts": {"INDE": {"train_mean": 5.418867676957693, "current_mean": 0.0, "status": "DRIFT DETECTED"}, "IAN": {"train_mean": 5.491282974371217, "current_mean": 0.0, "status": "DRIFT DETECTED"}, "IPP": {"train_mean": 5.593245950207309, "current_mean": 0.0, "status": "DRIFT DETECTED"}, "IEG": {"train_mean": 6.064710669529992, "current_mean": 0.0, "status": "DRIFT DETECTED"}, "IAA": {"train_mean": 5.624207358031791, "current_mean": 0.0, "status": "DRIFT DETECTED"}, "IPS": {"train_mean": 5.212857402510068, "current_mean": 0.0, "status": "DRIFT DETECTED"}}, "timestamp": "2026-03-06T10:15:48.233749"}
{"event": "prediction_exception", "error": "columns are missing: {'IPV'}", "timestamp": "2026-03-06T10:15:48.236212"}
DRIFT ALERT: {"event": "drift_alert", "input_sample": {"INDE": 0.0, "IDA": 0.0, "IEG": 0.0, "IAA": 0.0, "IPS": 0.0, "IPP": 0.0, "FASE": 0, "PEDRA": "Quartzo", "IAN": 0, "IPV": 0, "additionalProp1": {}}, "drifts": {"INDE": {"train_mean": 5.418867676957693, "current_mean": 0.0, "status": "DRIFT DETECTED"}, "IAN": {"train_mean": 5.491282974371217, "current_mean": 0.0, "status": "DRIFT DETECTED"}, "IPP": {"train_mean": 5.593245950207309, "current_mean": 0.0, "status": "DRIFT DETECTED"}, "IEG": {"train_mean": 6.064710669529992, "current_mean": 0.0, "status": "DRIFT DETECTED"}, "IAA": {"train_mean": 5.624207358031791, "current_mean": 0.0, "status": "DRIFT DETECTED"}, "IPS": {"train_mean": 5.212857402510068, "current_mean": 0.0, "status": "DRIFT DETECTED"}, "IPV": {"train_mean": 0.6383125934906924, "current_mean": 0.0, "status": "DRIFT DETECTED"}}, "timestamp": "2026-03-06T10:16:26.162448"}
{"event": "prediction", "input": {"INDE": 0.0, "IDA": 0.0, "IEG": 0.0, "IAA": 0.0, "IPS": 0.0, "IPP": 0.0, "FASE": 0, "PEDRA": "Quartzo", "IAN": 0, "IPV": 0, "additionalProp1": {}}, "prediction": 1, "label": "em_grupo_de_risco", "drift_detected": true, "timestamp": "2026-03-06T10:16:26.173900"}
{"event": "model_loaded", "path": "models/model.pkl", "status": "success", "timestamp": "2026-03-06T10:19:02.422566"}
{"event": "train_stats_loaded", "path": "models/train_stats.json", "status": "success", "timestamp": "2026-03-06T10:19:02.422814"}
{"event": "model_loaded", "path": "models/model.pkl", "status": "success", "timestamp": "2026-03-06T10:19:05.277782"}
{"event": "train_stats_loaded", "path": "models/train_stats.json", "status": "success", "timestamp": "2026-03-06T10:19:05.277883"}
{"event": "model_loaded", "path": "models/model.pkl", "status": "success", "timestamp": "2026-03-06T10:19:17.642418"}
{"event": "train_stats_loaded", "path": "models/train_stats.json", "status": "success", "timestamp": "2026-03-06T10:19:17.642521"}
DRIFT ALERT: {"event": "drift_alert", "input_sample": {"INDE": 7.5, "IDA": 8.0, "IEG": 7.0, "IAA": 8.5, "IPS": 7.0, "IPP": 7.5, "FASE": 2, "PEDRA": "Quartzo", "IAN": 7.0, "IPV": 0.7, "additionalProp1": {}}, "drifts": {"INDE": {"train_mean": 5.418867676957693, "current_mean": 7.5, "status": "DRIFT DETECTED"}, "IPP": {"train_mean": 5.593245950207309, "current_mean": 7.5, "status": "DRIFT DETECTED"}, "IAA": {"train_mean": 5.624207358031791, "current_mean": 8.5, "status": "DRIFT DETECTED"}, "IPS": {"train_mean": 5.212857402510068, "current_mean": 7.0, "status": "DRIFT DETECTED"}}, "timestamp": "2026-03-06T10:20:37.840814"}
{"event": "prediction", "input": {"INDE": 7.5, "IDA": 8.0, "IEG": 7.0, "IAA": 8.5, "IPS": 7.0, "IPP": 7.5, "FASE": 2, "PEDRA": "Quartzo", "IAN": 7.0, "IPV": 0.7, "additionalProp1": {}}, "prediction": 0, "label": "fora_do_grupo_de_risco", "drift_detected": true, "timestamp": "2026-03-06T10:20:37.853059"}
DRIFT ALERT: {"event": "drift_alert", "input_sample": {"INDE": 7.5, "IDA": 8.0, "IEG": 7.0, "IAA": 8.5, "IPS": 7.0, "IPP": 7.5, "FASE": 2, "PEDRA": "Quartzo", "IAN": 7.0, "IPV": 0.7}, "drifts": {"INDE": {"train_mean": 5.418867676957693, "current_mean": 7.5, "status": "DRIFT DETECTED"}, "IPP": {"train_mean": 5.593245950207309, "current_mean": 7.5, "status": "DRIFT DETECTED"}, "IAA": {"train_mean": 5.624207358031791, "current_mean": 8.5, "status": "DRIFT DETECTED"}, "IPS": {"train_mean": 5.212857402510068, "current_mean": 7.0, "status": "DRIFT DETECTED"}}, "timestamp": "2026-03-06T10:20:46.928699"}
{"event": "prediction", "input": {"INDE": 7.5, "IDA": 8.0, "IEG": 7.0, "IAA": 8.5, "IPS": 7.0, "IPP": 7.5, "FASE": 2, "PEDRA": "Quartzo", "IAN": 7.0, "IPV": 0.7}, "prediction": 0, "label": "fora_do_grupo_de_risco", "drift_detected": true, "timestamp": "2026-03-06T10:20:46.938579"}
DRIFT ALERT: {"event": "drift_alert", "input_sample": {"INDE": 3.0, "IDA": 3.5, "IEG": 3.0, "IAA": 3.5, "IPS": 3.0, "IPP": 3.2, "FASE": 1, "PEDRA": "Ametista", "IAN": 3.0, "IPV": 0.2}, "drifts": {"INDE": {"train_mean": 5.418867676957693, "current_mean": 3.0, "status": "DRIFT DETECTED"}, "IAN": {"train_mean": 5.491282974371217, "current_mean": 3.0, "status": "DRIFT DETECTED"}, "IPP": {"train_mean": 5.593245950207309, "current_mean": 3.2, "status": "DRIFT DETECTED"}, "IEG": {"train_mean": 6.064710669529992, "current_mean": 3.0, "status": "DRIFT DETECTED"}, "IAA": {"train_mean": 5.624207358031791, "current_mean": 3.5, "status": "DRIFT DETECTED"}, "IPS": {"train_mean": 5.212857402510068, "current_mean": 3.0, "status": "DRIFT DETECTED"}, "IPV": {"train_mean": 0.6383125934906924, "current_mean": 0.2, "status": "DRIFT DETECTED"}}, "timestamp": "2026-03-06T10:21:03.033234"}
{"event": "prediction", "input": {"INDE": 3.0, "IDA": 3.5, "IEG": 3.0, "IAA": 3.5, "IPS": 3.0, "IPP": 3.2, "FASE": 1, "PEDRA": "Ametista", "IAN": 3.0, "IPV": 0.2}, "prediction": 1, "label": "em_grupo_de_risco", "drift_detected": true, "timestamp": "2026-03-06T10:21:03.042508"}
DRIFT ALERT: {"event": "drift_alert", "input_sample": {"INDE": 6.5, "IDA": 7.0, "IEG": 6.8, "IAA": 7.2, "IPS": 6.9, "IPP": 6.7, "FASE": 3, "PEDRA": "Topazio", "IAN": 6.8, "IPV": 0.55, "additionalProp1": {"observacao": "Aluno com melhora recente"}}, "drifts": {"IPS": {"train_mean": 5.212857402510068, "current_mean": 6.9, "status": "DRIFT DETECTED"}}, "timestamp": "2026-03-06T10:21:19.463496"}
{"event": "prediction", "input": {"INDE": 6.5, "IDA": 7.0, "IEG": 6.8, "IAA": 7.2, "IPS": 6.9, "IPP": 6.7, "FASE": 3, "PEDRA": "Topazio", "IAN": 6.8, "IPV": 0.55, "additionalProp1": {"observacao": "Aluno com melhora recente"}}, "prediction": 0, "label": "fora_do_grupo_de_risco", "drift_detected": true, "timestamp": "2026-03-06T10:21:19.472954"}
{"event": "model_loaded", "path": "models/model.pkl", "status": "success", "timestamp": "2026-03-06T10:43:16.927350"}
{"event": "train_stats_loaded", "path": "models/train_stats.json", "status": "success", "timestamp": "2026-03-06T10:43:16.928566"}
DRIFT ALERT: {"event": "drift_alert", "input_sample": {"INDE": 0.0, "IDA": 0.0, "IEG": 0.0, "IAA": 0.0, "IPS": 0.0, "IPP": 0.0, "FASE": 0, "PEDRA": "Quartzo", "IAN": 0.0, "IPV": 0.0, "additionalProp1": {}}, "drifts": {"INDE": {"train_mean": 5.418867676957693, "current_mean": 0.0, "status": "DRIFT DETECTED"}, "IAN": {"train_mean": 5.491282974371217, "current_mean": 0.0, "status": "DRIFT DETECTED"}, "IPP": {"train_mean": 5.593245950207309, "current_mean": 0.0, "status": "DRIFT DETECTED"}, "IEG": {"train_mean": 6.064710669529992, "current_mean": 0.0, "status": "DRIFT DETECTED"}, "IAA": {"train_mean": 5.624207358031791, "current_mean": 0.0, "status": "DRIFT DETECTED"}, "IPS": {"train_mean": 5.212857402510068, "current_mean": 0.0, "status": "DRIFT DETECTED"}, "IPV": {"train_mean": 0.6383125934906924, "current_mean": 0.0, "status": "DRIFT DETECTED"}}, "timestamp": "2026-03-06T10:43:48.659321"}
{"event": "prediction", "input": {"INDE": 0.0, "IDA": 0.0, "IEG": 0.0, "IAA": 0.0, "IPS": 0.0, "IPP": 0.0, "FASE": 0, "PEDRA": "Quartzo", "IAN": 0.0, "IPV": 0.0, "additionalProp1": {}}, "prediction": 1, "label": "em_grupo_de_risco", "drift_detected": true, "timestamp": "2026-03-06T10:43:48.669592"}
{"event": "model_loaded", "path": "models/model.pkl", "status": "success", "timestamp": "2026-03-07T17:07:00.657270"}
{"event": "train_stats_loaded", "path": "models/train_stats.json", "status": "success", "timestamp": "2026-03-07T17:07:00.657720"}
{"event": "model_loaded", "path": "models/model.pkl", "status": "success", "timestamp": "2026-03-07T17:07:00.665615"}
{"event": "train_stats_loaded", "path": "models/train_stats.json", "status": "success", "timestamp": "2026-03-07T17:07:00.665767"}
{"event": "model_loaded", "path": "models/model.pkl", "status": "success", "timestamp": "2026-03-07T17:07:00.672860"}
{"event": "train_stats_loaded", "path": "models/train_stats.json", "status": "success", "timestamp": "2026-03-07T17:07:00.672922"}
{"event": "model_loaded", "path": "models/model.pkl", "status": "success", "timestamp": "2026-03-07T17:07:00.680037"}
{"event": "train_stats_loaded", "path": "models/train_stats.json", "status": "success", "timestamp": "2026-03-07T17:07:00.680139"}
DRIFT ALERT: {"event": "drift_alert", "input_sample": {"INDE": 1.0, "IDA": 1.0, "IEG": 1.0, "IAA": 1.0, "IPS": 1.0, "IPP": 1.0, "FASE": 0, "PEDRA": "Quartzo", "IAN": 5.0, "IPV": 0.5}, "drifts": {"INDE": {"train_mean": 5.418867676957693, "current_mean": 1.0, "status": "DRIFT DETECTED"}, "IPP": {"train_mean": 5.593245950207309, "current_mean": 1.0, "status": "DRIFT DETECTED"}, "IEG": {"train_mean": 6.064710669529992, "current_mean": 1.0, "status": "DRIFT DETECTED"}, "IAA": {"train_mean": 5.624207358031791, "current_mean": 1.0, "status": "DRIFT DETECTED"}, "IPS": {"train_mean": 5.212857402510068, "current_mean": 1.0, "status": "DRIFT DETECTED"}}, "timestamp": "2026-03-07T17:07:00.681560"}
{"event": "prediction", "input": {"INDE": 1.0, "IDA": 1.0, "IEG": 1.0, "IAA": 1.0, "IPS": 1.0, "IPP": 1.0, "FASE": 0, "PEDRA": "Quartzo", "IAN": 5.0, "IPV": 0.5}, "prediction": 1, "label": "em_grupo_de_risco", "drift_detected": true, "timestamp": "2026-03-07T17:07:00.685025"}
{"event": "model_loaded", "path": "models/model.pkl", "status": "success", "timestamp": "2026-03-07T17:07:00.691745"}
{"event": "train_stats_loaded", "path": "models/train_stats.json", "status": "success", "timestamp": "2026-03-07T17:07:00.691866"}
DRIFT ALERT: {"event": "drift_alert", "input_sample": {"INDE": 7.5, "IDA": 8.0, "IEG": 7.0, "IAA": 8.5, "IPS": 7.0, "IPP": 7.5, "FASE": 2, "PEDRA": "Ametista", "IAN": 7.5, "IPV": 0.8}, "drifts": {"INDE": {"train_mean": 5.418867676957693, "current_mean": 7.5, "status": "DRIFT DETECTED"}, "IAN": {"train_mean": 5.491282974371217, "current_mean": 7.5, "status": "DRIFT DETECTED"}, "IPP": {"train_mean": 5.593245950207309, "current_mean": 7.5, "status": "DRIFT DETECTED"}, "IAA": {"train_mean": 5.624207358031791, "current_mean": 8.5, "status": "DRIFT DETECTED"}, "IPS": {"train_mean": 5.212857402510068, "current_mean": 7.0, "status": "DRIFT DETECTED"}}, "timestamp": "2026-03-07T17:07:00.693034"}
{"event": "prediction", "input": {"INDE": 7.5, "IDA": 8.0, "IEG": 7.0, "IAA": 8.5, "IPS": 7.0, "IPP": 7.5, "FASE": 2, "PEDRA": "Ametista", "IAN": 7.5, "IPV": 0.8}, "prediction": 0, "label": "fora_do_grupo_de_risco", "drift_detected": true, "timestamp": "2026-03-07T17:07:00.695937"}
DRIFT ALERT: {"event": "drift_alert", "input_sample": {"INDE": 0.0, "IDA": 0.0, "IEG": 0.0, "IAA": 0.0, "IPS": 0.0, "IPP": 0.0, "FASE": 0, "PEDRA": "Quartzo", "IAN": 0.0, "IPV": 0.0, "nota_matematica": 85.0, "nota_portugues": 90.0, "frequencia": 95.0, "idade": 12, "turma": "A"}, "drifts": {"INDE": {"train_mean": 5.418867676957693, "current_mean": 0.0, "status": "DRIFT DETECTED"}, "IAN": {"train_mean": 5.491282974371217, "current_mean": 0.0, "status": "DRIFT DETECTED"}, "IPP": {"train_mean": 5.593245950207309, "current_mean": 0.0, "status": "DRIFT DETECTED"}, "IEG": {"train_mean": 6.064710669529992, "current_mean": 0.0, "status": "DRIFT DETECTED"}, "IAA": {"train_mean": 5.624207358031791, "current_mean": 0.0, "status": "DRIFT DETECTED"}, "IPS": {"train_mean": 5.212857402510068, "current_mean": 0.0, "status": "DRIFT DETECTED"}, "IPV": {"train_mean": 0.6383125934906924, "current_mean": 0.0, "status": "DRIFT DETECTED"}}, "timestamp": "2026-03-07T17:07:00.780673"}
{"event": "prediction", "input": {"INDE": 0.0, "IDA": 0.0, "IEG": 0.0, "IAA": 0.0, "IPS": 0.0, "IPP": 0.0, "FASE": 0, "PEDRA": "Quartzo", "IAN": 0.0, "IPV": 0.0, "nota_matematica": 85.0, "nota_portugues": 90.0, "frequencia": 95.0, "idade": 12, "turma": "A"}, "prediction": 1, "label": "em_grupo_de_risco", "drift_detected": true, "timestamp": "2026-03-07T17:07:00.783499"}
{"event": "prediction_error", "reason": "model_not_loaded", "timestamp": "2026-03-07T17:07:00.785614"}
{"event": "model_loaded", "path": "models/model.pkl", "status": "success", "timestamp": "2026-03-07T17:10:56.061133"}
{"event": "train_stats_loaded", "path": "models/train_stats.json", "status": "success", "timestamp": "2026-03-07T17:10:56.062505"}
